                     Cell Name |     Power-Grid View |      Number of Instances
-------------------------------------------------------------------------------
                AN2D0BWP30P140 |                Tech |                       32
               AN2D16BWP30P140 |                Tech |                      242
                AN2D1BWP30P140 |                Tech |                      981
                AN2D2BWP30P140 |                Tech |                      352
                AN2D4BWP30P140 |                Tech |                      592
                AN2D6BWP30P140 |                Tech |                       42
                AN2D8BWP30P140 |                Tech |                      405
                AN3D0BWP30P140 |                Tech |                        3
               AN3D16BWP30P140 |                Tech |                        5
                AN3D1BWP30P140 |                Tech |                      122
                AN3D2BWP30P140 |                Tech |                      118
                AN3D4BWP30P140 |                Tech |                       44
                AN3D6BWP30P140 |                Tech |                        1
                AN3D8BWP30P140 |                Tech |                        2
                AN4D1BWP30P140 |                Tech |                       61
                AN4D2BWP30P140 |                Tech |                       20
                AN4D4BWP30P140 |                Tech |                        4
                AN4D8BWP30P140 |                Tech |                        1
              AO211D1BWP30P140 |                Tech |                        3
              AO211D2BWP30P140 |                Tech |                        8
              AO211D4BWP30P140 |                Tech |                       39
               AO21D1BWP30P140 |                Tech |                      132
               AO21D2BWP30P140 |                Tech |                       12
               AO21D4BWP30P140 |                Tech |                        8
               AO22D0BWP30P140 |                Tech |                     5172
              AO22D16BWP30P140 |                Tech |                       14
               AO22D1BWP30P140 |                Tech |                      325
               AO22D2BWP30P140 |                Tech |                      201
               AO22D4BWP30P140 |                Tech |                      318
               AO22D6BWP30P140 |                Tech |                       13
               AO22D8BWP30P140 |                Tech |                       43
            AOI211D16BWP30P140 |                Tech |                       28
             AOI211D1BWP30P140 |                Tech |                      284
             AOI211D2BWP30P140 |                Tech |                        3
             AOI211D4BWP30P140 |                Tech |                        1
             AOI211D6BWP30P140 |                Tech |                        6
             AOI211D8BWP30P140 |                Tech |                       14
     AOI211OPTREPBD12BWP30P140 |                Tech |                       25
     AOI211OPTREPBD16BWP30P140 |                Tech |                        6
      AOI211OPTREPBD1BWP30P140 |                Tech |                       19
      AOI211OPTREPBD2BWP30P140 |                Tech |                       24
      AOI211OPTREPBD4BWP30P140 |                Tech |                       18
      AOI211OPTREPBD6BWP30P140 |                Tech |                       15
      AOI211OPTREPBD8BWP30P140 |                Tech |                       30
            AOI21D0P7BWP30P140 |                Tech |                       73
             AOI21D16BWP30P140 |                Tech |                      151
              AOI21D1BWP30P140 |                Tech |                      735
            AOI21D1P5BWP30P140 |                Tech |                      527
              AOI21D2BWP30P140 |                Tech |                     4473
              AOI21D4BWP30P140 |                Tech |                      704
              AOI21D6BWP30P140 |                Tech |                      167
              AOI21D8BWP30P140 |                Tech |                      199
      AOI21OPTREPBD12BWP30P140 |                Tech |                       36
      AOI21OPTREPBD16BWP30P140 |                Tech |                       16
       AOI21OPTREPBD1BWP30P140 |                Tech |                       39
       AOI21OPTREPBD2BWP30P140 |                Tech |                       55
       AOI21OPTREPBD4BWP30P140 |                Tech |                       31
       AOI21OPTREPBD6BWP30P140 |                Tech |                       17
       AOI21OPTREPBD8BWP30P140 |                Tech |                       59
             AOI221D0BWP30P140 |                Tech |                       60
             AOI221D1BWP30P140 |                Tech |                     1310
             AOI221D2BWP30P140 |                Tech |                      380
             AOI221D4BWP30P140 |                Tech |                      361
             AOI222D0BWP30P140 |                Tech |                       21
             AOI222D1BWP30P140 |                Tech |                      320
             AOI222D2BWP30P140 |                Tech |                      174
             AOI222D4BWP30P140 |                Tech |                      408
            AOI22D0P7BWP30P140 |                Tech |                     3438
             AOI22D16BWP30P140 |                Tech |                       23
              AOI22D1BWP30P140 |                Tech |                    11771
            AOI22D1P5BWP30P140 |                Tech |                       77
              AOI22D2BWP30P140 |                Tech |                     1154
              AOI22D4BWP30P140 |                Tech |                      282
              AOI22D6BWP30P140 |                Tech |                      172
              AOI22D8BWP30P140 |                Tech |                       25
              AOI31D1BWP30P140 |                Tech |                       10
              AOI31D2BWP30P140 |                Tech |                        4
              AOI31D4BWP30P140 |                Tech |                        4
              AOI32D1BWP30P140 |                Tech |                      131
              AOI32D2BWP30P140 |                Tech |                        4
        BOUNDARY_LEFTBWP30P140 |                Tech |                     7728
       BOUNDARY_RIGHTBWP30P140 |                Tech |                     7728
               BUFFD0BWP30P140 |                Tech |                       37
             BUFFD0P7BWP30P140 |                Tech |                       18
              BUFFD12BWP30P140 |                Tech |                     1176
              BUFFD16BWP30P140 |                Tech |                      251
               BUFFD1BWP30P140 |                Tech |                      249
             BUFFD1P5BWP30P140 |                Tech |                      157
               BUFFD2BWP30P140 |                Tech |                      473
               BUFFD3BWP30P140 |                Tech |                     1246
               BUFFD4BWP30P140 |                Tech |                     2429
               BUFFD6BWP30P140 |                Tech |                     2707
               BUFFD8BWP30P140 |                Tech |                      437
              CKAN2D0BWP30P140 |                Tech |                        7
              CKAN2D1BWP30P140 |                Tech |                     1945
              CKAN2D2BWP30P140 |                Tech |                      365
              CKAN2D4BWP30P140 |                Tech |                       97
                CKBD0BWP30P140 |                Tech |                       31
               CKBD12BWP30P140 |                Tech |                      901
               CKBD16BWP30P140 |                Tech |                      724
                CKBD1BWP30P140 |                Tech |                     2628
                CKBD2BWP30P140 |                Tech |                     1589
                CKBD3BWP30P140 |                Tech |                      189
                CKBD4BWP30P140 |                Tech |                     1629
                CKBD6BWP30P140 |                Tech |                      809
                CKBD8BWP30P140 |                Tech |                      694
             CKMUX2D0BWP30P140 |                Tech |                      169
                CKND0BWP30P140 |                Tech |                     1922
               CKND12BWP30P140 |                Tech |                      180
               CKND16BWP30P140 |                Tech |                     1383
                CKND1BWP30P140 |                Tech |                     1874
                CKND2BWP30P140 |                Tech |                      388
              CKND2D0BWP30P140 |                Tech |                       13
              CKND2D1BWP30P140 |                Tech |                     7698
              CKND2D2BWP30P140 |                Tech |                     3633
              CKND2D3BWP30P140 |                Tech |                      926
              CKND2D4BWP30P140 |                Tech |                      801
              CKND2D8BWP30P140 |                Tech |                      258
                CKND3BWP30P140 |                Tech |                      425
                CKND4BWP30P140 |                Tech |                      120
                CKND6BWP30P140 |                Tech |                       86
                CKND8BWP30P140 |                Tech |                      570
             CKXOR2D2BWP30P140 |                Tech |                        1
             DCCKBD12BWP30P140 |                Tech |                       37
             DCCKBD16BWP30P140 |                Tech |                       28
              DCCKBD4BWP30P140 |                Tech |                       51
              DCCKBD8BWP30P140 |                Tech |                       29
             DEL025D1BWP30P140 |                Tech |                     4765
            DEL050MD1BWP30P140 |                Tech |                       39
            DEL075MD1BWP30P140 |                Tech |                        1
               DFCND1BWP30P140 |                Tech |                        1
              DFCNQD1BWP30P140 |                Tech |                    20678
              DFCNQD2BWP30P140 |                Tech |                      215
              DFCNQD4BWP30P140 |                Tech |                      539
             DFCSNQD1BWP30P140 |                Tech |                        2
             DFCSNQD2BWP30P140 |                Tech |                        8
             DFCSNQD4BWP30P140 |                Tech |                        1
             EDFCNQD1BWP30P140 |                Tech |                    23201
             EDFCNQD2BWP30P140 |                Tech |                      299
             EDFCNQD4BWP30P140 |                Tech |                       29
                FA1D0BWP30P140 |                Tech |                      336
                FA1D1BWP30P140 |                Tech |                     1036
                FA1D2BWP30P140 |                Tech |                        9
                FA1D4BWP30P140 |                Tech |                      102
            FA1OPTCD1BWP30P140 |                Tech |                       38
            FA1OPTCD2BWP30P140 |                Tech |                       55
                HA1D1BWP30P140 |                Tech |                        1
              IAO21D0BWP30P140 |                Tech |                        2
              IAO21D1BWP30P140 |                Tech |                      532
              IAO21D2BWP30P140 |                Tech |                       39
              IAO21D4BWP30P140 |                Tech |                        1
              IAO22D1BWP30P140 |                Tech |                        1
              IAO22D4BWP30P140 |                Tech |                        5
               IND2D0BWP30P140 |                Tech |                       32
              IND2D16BWP30P140 |                Tech |                      603
               IND2D1BWP30P140 |                Tech |                     1717
               IND2D2BWP30P140 |                Tech |                     1214
               IND2D4BWP30P140 |                Tech |                      521
               IND2D6BWP30P140 |                Tech |                      124
               IND2D8BWP30P140 |                Tech |                      141
               IND3D0BWP30P140 |                Tech |                        6
              IND3D16BWP30P140 |                Tech |                        2
               IND3D1BWP30P140 |                Tech |                      166
               IND3D2BWP30P140 |                Tech |                       70
               IND3D4BWP30P140 |                Tech |                       22
               IND3D6BWP30P140 |                Tech |                        3
               IND3D8BWP30P140 |                Tech |                        3
               IND4D1BWP30P140 |                Tech |                       66
               IND4D2BWP30P140 |                Tech |                       28
               IND4D4BWP30P140 |                Tech |                       30
               INR2D0BWP30P140 |                Tech |                      691
              INR2D16BWP30P140 |                Tech |                      717
               INR2D1BWP30P140 |                Tech |                     7887
               INR2D2BWP30P140 |                Tech |                      946
               INR2D4BWP30P140 |                Tech |                      607
               INR2D6BWP30P140 |                Tech |                      127
               INR2D8BWP30P140 |                Tech |                      228
               INR3D0BWP30P140 |                Tech |                      156
              INR3D16BWP30P140 |                Tech |                       13
               INR3D1BWP30P140 |                Tech |                       40
               INR3D2BWP30P140 |                Tech |                       11
               INR3D4BWP30P140 |                Tech |                       13
               INR3D6BWP30P140 |                Tech |                        7
               INR3D8BWP30P140 |                Tech |                        2
               INR4D0BWP30P140 |                Tech |                       95
               INR4D1BWP30P140 |                Tech |                       10
               INR4D2BWP30P140 |                Tech |                        5
               INR4D4BWP30P140 |                Tech |                        2
                INVD0BWP30P140 |                Tech |                       15
              INVD0P7BWP30P140 |                Tech |                     1095
               INVD12BWP30P140 |                Tech |                     2470
               INVD15BWP30P140 |                Tech |                     1155
               INVD16BWP30P140 |                Tech |                     1492
               INVD18BWP30P140 |                Tech |                     3109
                INVD1BWP30P140 |                Tech |                     9220
              INVD1P5BWP30P140 |                Tech |                      467
                INVD2BWP30P140 |                Tech |                     2468
                INVD3BWP30P140 |                Tech |                      467
                INVD4BWP30P140 |                Tech |                      889
                INVD6BWP30P140 |                Tech |                      823
                INVD8BWP30P140 |                Tech |                      798
                INVD9BWP30P140 |                Tech |                      348
              IOA21D0BWP30P140 |                Tech |                        1
              IOA21D1BWP30P140 |                Tech |                      178
              IOA21D2BWP30P140 |                Tech |                       76
              IOA21D4BWP30P140 |                Tech |                       15
              IOA22D1BWP30P140 |                Tech |                        2
              IOA22D2BWP30P140 |                Tech |                        9
              IOA22D4BWP30P140 |                Tech |                       22
            MAOI222D1BWP30P140 |                Tech |                       38
            MAOI222D2BWP30P140 |                Tech |                       37
            MAOI222D4BWP30P140 |                Tech |                       79
             MAOI22D0BWP30P140 |                Tech |                       19
             MAOI22D1BWP30P140 |                Tech |                     4303
             MAOI22D2BWP30P140 |                Tech |                      690
             MAOI22D4BWP30P140 |                Tech |                     2187
             MOAI22D0BWP30P140 |                Tech |                       56
             MOAI22D1BWP30P140 |                Tech |                     5069
             MOAI22D2BWP30P140 |                Tech |                      140
             MOAI22D4BWP30P140 |                Tech |                       20
               MUX2D0BWP30P140 |                Tech |                        1
               MUX2D1BWP30P140 |                Tech |                        2
               MUX2D2BWP30P140 |                Tech |                        1
              MUX2ND0BWP30P140 |                Tech |                       12
              MUX2ND2BWP30P140 |                Tech |                        1
              MUX2ND4BWP30P140 |                Tech |                        3
           MUX2NOPTD2BWP30P140 |                Tech |                       54
           MUX2NOPTD4BWP30P140 |                Tech |                      184
           MUX2NOPTD6BWP30P140 |                Tech |                       54
           MUX2NOPTD8BWP30P140 |                Tech |                       49
             MUX2NUD1BWP30P140 |                Tech |                      449
            MUX2OPTD2BWP30P140 |                Tech |                        1
            MUX2OPTD4BWP30P140 |                Tech |                        8
            MUX2OPTD6BWP30P140 |                Tech |                       12
              ND2D0P7BWP30P140 |                Tech |                      200
               ND2D16BWP30P140 |                Tech |                       70
                ND2D1BWP30P140 |                Tech |                     4073
              ND2D1P5BWP30P140 |                Tech |                       15
                ND2D2BWP30P140 |                Tech |                     6507
                ND2D3BWP30P140 |                Tech |                      452
                ND2D4BWP30P140 |                Tech |                      357
                ND2D6BWP30P140 |                Tech |                      163
                ND2D8BWP30P140 |                Tech |                      123
            ND2OPTD12BWP30P140 |                Tech |                       91
             ND2OPTD6BWP30P140 |                Tech |                        1
          ND2OPTIBD12BWP30P140 |                Tech |                       66
          ND2OPTIBD16BWP30P140 |                Tech |                       63
           ND2OPTIBD1BWP30P140 |                Tech |                     1483
           ND2OPTIBD2BWP30P140 |                Tech |                      537
           ND2OPTIBD4BWP30P140 |                Tech |                      187
           ND2OPTIBD6BWP30P140 |                Tech |                       97
           ND2OPTIBD8BWP30P140 |                Tech |                       39
          ND2OPTPAD12BWP30P140 |                Tech |                      111
          ND2OPTPAD16BWP30P140 |                Tech |                      154
           ND2OPTPAD1BWP30P140 |                Tech |                       65
           ND2OPTPAD2BWP30P140 |                Tech |                      722
           ND2OPTPAD4BWP30P140 |                Tech |                      377
           ND2OPTPAD6BWP30P140 |                Tech |                      354
           ND2OPTPAD8BWP30P140 |                Tech |                       66
                ND3D0BWP30P140 |                Tech |                        9
              ND3D0P7BWP30P140 |                Tech |                        3
               ND3D16BWP30P140 |                Tech |                       56
                ND3D1BWP30P140 |                Tech |                      408
              ND3D1P5BWP30P140 |                Tech |                        9
                ND3D2BWP30P140 |                Tech |                       66
                ND3D3BWP30P140 |                Tech |                       12
                ND3D4BWP30P140 |                Tech |                        7
                ND3D8BWP30P140 |                Tech |                        8
            ND3OPTD12BWP30P140 |                Tech |                       30
             ND3OPTD6BWP30P140 |                Tech |                        2
          ND3OPTPAD12BWP30P140 |                Tech |                       27
          ND3OPTPAD16BWP30P140 |                Tech |                       27
           ND3OPTPAD1BWP30P140 |                Tech |                        5
           ND3OPTPAD2BWP30P140 |                Tech |                       60
           ND3OPTPAD4BWP30P140 |                Tech |                       48
           ND3OPTPAD6BWP30P140 |                Tech |                       24
           ND3OPTPAD8BWP30P140 |                Tech |                        8
                ND4D0BWP30P140 |                Tech |                        1
                ND4D1BWP30P140 |                Tech |                     1159
                ND4D2BWP30P140 |                Tech |                      313
                ND4D3BWP30P140 |                Tech |                      424
                ND4D4BWP30P140 |                Tech |                      162
                ND4D8BWP30P140 |                Tech |                       32
              NR2D0P7BWP30P140 |                Tech |                    36249
               NR2D16BWP30P140 |                Tech |                      121
                NR2D1BWP30P140 |                Tech |                     1178
              NR2D1P5BWP30P140 |                Tech |                       88
                NR2D2BWP30P140 |                Tech |                     1799
                NR2D3BWP30P140 |                Tech |                      593
                NR2D4BWP30P140 |                Tech |                      223
                NR2D6BWP30P140 |                Tech |                       84
                NR2D8BWP30P140 |                Tech |                       82
            NR2OPTD12BWP30P140 |                Tech |                       55
             NR2OPTD6BWP30P140 |                Tech |                       10
          NR2OPTIBD12BWP30P140 |                Tech |                      107
          NR2OPTIBD16BWP30P140 |                Tech |                       98
           NR2OPTIBD1BWP30P140 |                Tech |                     1067
           NR2OPTIBD2BWP30P140 |                Tech |                      446
           NR2OPTIBD4BWP30P140 |                Tech |                      458
           NR2OPTIBD6BWP30P140 |                Tech |                      187
           NR2OPTIBD8BWP30P140 |                Tech |                      170
          NR2OPTPAD12BWP30P140 |                Tech |                      523
          NR2OPTPAD16BWP30P140 |                Tech |                      252
           NR2OPTPAD1BWP30P140 |                Tech |                      343
           NR2OPTPAD2BWP30P140 |                Tech |                     1219
           NR2OPTPAD4BWP30P140 |                Tech |                     1600
           NR2OPTPAD6BWP30P140 |                Tech |                       25
           NR2OPTPAD8BWP30P140 |                Tech |                     1961
                NR3D0BWP30P140 |                Tech |                      190
              NR3D0P7BWP30P140 |                Tech |                      106
                NR3D1BWP30P140 |                Tech |                       38
              NR3D1P5BWP30P140 |                Tech |                       30
                NR3D2BWP30P140 |                Tech |                       38
                NR3D3BWP30P140 |                Tech |                       10
                NR3D4BWP30P140 |                Tech |                       10
                NR3D6BWP30P140 |                Tech |                       12
                NR3D8BWP30P140 |                Tech |                       16
            NR3OPTD12BWP30P140 |                Tech |                        1
             NR3OPTD6BWP30P140 |                Tech |                        1
          NR3OPTPAD12BWP30P140 |                Tech |                        1
          NR3OPTPAD16BWP30P140 |                Tech |                        1
           NR3OPTPAD1BWP30P140 |                Tech |                        1
           NR3OPTPAD2BWP30P140 |                Tech |                       30
           NR3OPTPAD4BWP30P140 |                Tech |                        3
           NR3OPTPAD6BWP30P140 |                Tech |                        4
           NR3OPTPAD8BWP30P140 |                Tech |                        1
                NR4D0BWP30P140 |                Tech |                     1106
                NR4D1BWP30P140 |                Tech |                      313
                NR4D2BWP30P140 |                Tech |                       25
                NR4D3BWP30P140 |                Tech |                        4
                NR4D4BWP30P140 |                Tech |                        2
              OA211D1BWP30P140 |                Tech |                       42
              OA211D2BWP30P140 |                Tech |                        1
               OA21D0BWP30P140 |                Tech |                        3
              OA21D16BWP30P140 |                Tech |                        1
               OA21D1BWP30P140 |                Tech |                      467
               OA21D2BWP30P140 |                Tech |                       34
               OA21D4BWP30P140 |                Tech |                       77
               OA21D8BWP30P140 |                Tech |                        1
               OA22D1BWP30P140 |                Tech |                        9
               OA22D2BWP30P140 |                Tech |                        3
             OAI211D1BWP30P140 |                Tech |                       63
             OAI211D2BWP30P140 |                Tech |                       37
             OAI211D4BWP30P140 |                Tech |                        6
          OAI211OPTD8BWP30P140 |                Tech |                        1
      OAI211OPTREPBD1BWP30P140 |                Tech |                       47
      OAI211OPTREPBD2BWP30P140 |                Tech |                       27
      OAI211OPTREPBD4BWP30P140 |                Tech |                       10
      OAI211OPTREPBD6BWP30P140 |                Tech |                        2
              OAI21D0BWP30P140 |                Tech |                       25
            OAI21D0P7BWP30P140 |                Tech |                      129
             OAI21D16BWP30P140 |                Tech |                        6
              OAI21D1BWP30P140 |                Tech |                      694
            OAI21D1P5BWP30P140 |                Tech |                       19
              OAI21D2BWP30P140 |                Tech |                      177
              OAI21D4BWP30P140 |                Tech |                       72
              OAI21D6BWP30P140 |                Tech |                       58
              OAI21D8BWP30P140 |                Tech |                       25
      OAI21OPTREPBD12BWP30P140 |                Tech |                        3
      OAI21OPTREPBD16BWP30P140 |                Tech |                        1
       OAI21OPTREPBD1BWP30P140 |                Tech |                       42
       OAI21OPTREPBD2BWP30P140 |                Tech |                      196
       OAI21OPTREPBD4BWP30P140 |                Tech |                      137
       OAI21OPTREPBD6BWP30P140 |                Tech |                       43
       OAI21OPTREPBD8BWP30P140 |                Tech |                        8
             OAI221D0BWP30P140 |                Tech |                      171
             OAI221D1BWP30P140 |                Tech |                      124
             OAI221D2BWP30P140 |                Tech |                        4
             OAI221D4BWP30P140 |                Tech |                        5
             OAI222D0BWP30P140 |                Tech |                       37
             OAI222D1BWP30P140 |                Tech |                       31
             OAI222D2BWP30P140 |                Tech |                       28
             OAI222D4BWP30P140 |                Tech |                       24
            OAI22D0P7BWP30P140 |                Tech |                     1154
             OAI22D16BWP30P140 |                Tech |                        2
              OAI22D1BWP30P140 |                Tech |                     1158
            OAI22D1P5BWP30P140 |                Tech |                      163
              OAI22D2BWP30P140 |                Tech |                      339
              OAI22D4BWP30P140 |                Tech |                      109
              OAI22D6BWP30P140 |                Tech |                       82
              OAI22D8BWP30P140 |                Tech |                       10
        OAI22OPTPBD12BWP30P140 |                Tech |                        1
         OAI22OPTPBD1BWP30P140 |                Tech |                       60
         OAI22OPTPBD2BWP30P140 |                Tech |                      374
         OAI22OPTPBD4BWP30P140 |                Tech |                       95
         OAI22OPTPBD6BWP30P140 |                Tech |                       24
         OAI22OPTPBD8BWP30P140 |                Tech |                        7
              OAI31D1BWP30P140 |                Tech |                      136
              OAI31D2BWP30P140 |                Tech |                      104
              OAI31D4BWP30P140 |                Tech |                       15
              OAI32D1BWP30P140 |                Tech |                      103
              OAI32D2BWP30P140 |                Tech |                        4
              OAI32D4BWP30P140 |                Tech |                        1
                OR2D0BWP30P140 |                Tech |                       16
               OR2D16BWP30P140 |                Tech |                        9
                OR2D1BWP30P140 |                Tech |                     1236
                OR2D2BWP30P140 |                Tech |                      224
                OR2D4BWP30P140 |                Tech |                       73
                OR2D6BWP30P140 |                Tech |                       45
                OR2D8BWP30P140 |                Tech |                       16
               OR3D16BWP30P140 |                Tech |                        2
                OR3D1BWP30P140 |                Tech |                       75
                OR3D2BWP30P140 |                Tech |                        6
                OR3D4BWP30P140 |                Tech |                        7
                OR3D6BWP30P140 |                Tech |                        2
                OR4D1BWP30P140 |                Tech |                      312
                OR4D2BWP30P140 |                Tech |                       14
                OR4D4BWP30P140 |                Tech |                        7
              TAPCELLBWP30P140 |                Tech |                   145348
      TSDN28HPCPUHDB64X64M4MWA |                Tech |                       24
               XNR2D1BWP30P140 |                Tech |                       30
               XNR2D2BWP30P140 |                Tech |                       47
           XNR2OPTND2BWP30P140 |                Tech |                       94
           XNR2OPTND4BWP30P140 |                Tech |                      185
           XNR2OPTND6BWP30P140 |                Tech |                       68
           XNR2OPTND8BWP30P140 |                Tech |                       38
              XNR2UD0BWP30P140 |                Tech |                       16
              XNR2UD1BWP30P140 |                Tech |                     1717
               XNR3D2BWP30P140 |                Tech |                        4
               XNR3D4BWP30P140 |                Tech |                        6
              XNR3UD1BWP30P140 |                Tech |                        3
               XOR2D1BWP30P140 |                Tech |                       21
               XOR2D2BWP30P140 |                Tech |                       28
               XOR2D4BWP30P140 |                Tech |                        3
           XOR2OPTND2BWP30P140 |                Tech |                      118
           XOR2OPTND4BWP30P140 |                Tech |                      165
           XOR2OPTND6BWP30P140 |                Tech |                       38
           XOR2OPTND8BWP30P140 |                Tech |                       32
              XOR2UD0BWP30P140 |                Tech |                        8
              XOR2UD1BWP30P140 |                Tech |                     2181
               XOR3D1BWP30P140 |                Tech |                        7
               XOR3D2BWP30P140 |                Tech |                       15
               XOR3D4BWP30P140 |                Tech |                       36
              XOR3UD1BWP30P140 |                Tech |                        4
