                     Cell Name |     Power-Grid View |      Number of Instances
-------------------------------------------------------------------------------
                AN2D0BWP30P140 |                Tech |                       13
               AN2D16BWP30P140 |                Tech |                       52
                AN2D1BWP30P140 |                Tech |                     1037
                AN2D2BWP30P140 |                Tech |                      468
                AN2D4BWP30P140 |                Tech |                      257
                AN2D6BWP30P140 |                Tech |                       16
                AN2D8BWP30P140 |                Tech |                       98
                AN3D0BWP30P140 |                Tech |                        6
                AN3D1BWP30P140 |                Tech |                      131
                AN3D2BWP30P140 |                Tech |                      111
                AN3D4BWP30P140 |                Tech |                       27
                AN3D6BWP30P140 |                Tech |                        1
                AN4D1BWP30P140 |                Tech |                       59
                AN4D2BWP30P140 |                Tech |                       25
              AO211D1BWP30P140 |                Tech |                        2
              AO211D2BWP30P140 |                Tech |                       10
              AO211D4BWP30P140 |                Tech |                       39
               AO21D0BWP30P140 |                Tech |                        1
               AO21D1BWP30P140 |                Tech |                      130
               AO21D2BWP30P140 |                Tech |                       34
               AO21D4BWP30P140 |                Tech |                       28
               AO22D0BWP30P140 |                Tech |                     5263
              AO22D16BWP30P140 |                Tech |                        2
               AO22D1BWP30P140 |                Tech |                      567
               AO22D2BWP30P140 |                Tech |                       87
               AO22D4BWP30P140 |                Tech |                       72
               AO22D8BWP30P140 |                Tech |                        1
             AOI211D1BWP30P140 |                Tech |                      275
             AOI211D2BWP30P140 |                Tech |                        6
             AOI211D4BWP30P140 |                Tech |                        1
      AOI211OPTREPBD1BWP30P140 |                Tech |                       15
      AOI211OPTREPBD2BWP30P140 |                Tech |                       26
      AOI211OPTREPBD4BWP30P140 |                Tech |                        4
            AOI21D0P7BWP30P140 |                Tech |                      235
             AOI21D16BWP30P140 |                Tech |                      119
              AOI21D1BWP30P140 |                Tech |                     5374
            AOI21D1P5BWP30P140 |                Tech |                      170
              AOI21D2BWP30P140 |                Tech |                      553
              AOI21D4BWP30P140 |                Tech |                       66
              AOI21D6BWP30P140 |                Tech |                       56
              AOI21D8BWP30P140 |                Tech |                       64
      AOI21OPTREPBD12BWP30P140 |                Tech |                        2
       AOI21OPTREPBD1BWP30P140 |                Tech |                      328
       AOI21OPTREPBD2BWP30P140 |                Tech |                       49
       AOI21OPTREPBD4BWP30P140 |                Tech |                       19
       AOI21OPTREPBD6BWP30P140 |                Tech |                        6
       AOI21OPTREPBD8BWP30P140 |                Tech |                        1
             AOI221D0BWP30P140 |                Tech |                       52
             AOI221D1BWP30P140 |                Tech |                     2005
             AOI221D2BWP30P140 |                Tech |                      275
             AOI221D4BWP30P140 |                Tech |                      122
             AOI222D1BWP30P140 |                Tech |                      988
             AOI222D2BWP30P140 |                Tech |                      280
             AOI222D4BWP30P140 |                Tech |                       70
            AOI22D0P7BWP30P140 |                Tech |                     2028
             AOI22D16BWP30P140 |                Tech |                       74
              AOI22D1BWP30P140 |                Tech |                    12412
            AOI22D1P5BWP30P140 |                Tech |                       95
              AOI22D2BWP30P140 |                Tech |                     1205
              AOI22D4BWP30P140 |                Tech |                      122
              AOI22D6BWP30P140 |                Tech |                       39
              AOI22D8BWP30P140 |                Tech |                        3
              AOI31D1BWP30P140 |                Tech |                       13
              AOI31D2BWP30P140 |                Tech |                        3
              AOI31D4BWP30P140 |                Tech |                        4
              AOI32D1BWP30P140 |                Tech |                      131
              AOI32D2BWP30P140 |                Tech |                       11
        BOUNDARY_LEFTBWP30P140 |                Tech |                     5964
       BOUNDARY_RIGHTBWP30P140 |                Tech |                     5964
               BUFFD0BWP30P140 |                Tech |                        4
             BUFFD0P7BWP30P140 |                Tech |                        1
              BUFFD12BWP30P140 |                Tech |                      302
              BUFFD16BWP30P140 |                Tech |                       33
               BUFFD1BWP30P140 |                Tech |                       23
             BUFFD1P5BWP30P140 |                Tech |                       26
               BUFFD2BWP30P140 |                Tech |                       24
               BUFFD3BWP30P140 |                Tech |                      241
               BUFFD4BWP30P140 |                Tech |                      531
               BUFFD6BWP30P140 |                Tech |                      180
               BUFFD8BWP30P140 |                Tech |                      185
              CKAN2D0BWP30P140 |                Tech |                        1
              CKAN2D1BWP30P140 |                Tech |                     1793
              CKAN2D2BWP30P140 |                Tech |                      395
              CKAN2D4BWP30P140 |                Tech |                       73
              CKAN2D8BWP30P140 |                Tech |                        1
               CKBD12BWP30P140 |                Tech |                      236
               CKBD16BWP30P140 |                Tech |                      547
                CKBD1BWP30P140 |                Tech |                      485
                CKBD2BWP30P140 |                Tech |                     1011
                CKBD3BWP30P140 |                Tech |                       48
                CKBD4BWP30P140 |                Tech |                      684
                CKBD6BWP30P140 |                Tech |                      146
                CKBD8BWP30P140 |                Tech |                      117
             CKMUX2D0BWP30P140 |                Tech |                      170
                CKND0BWP30P140 |                Tech |                       25
               CKND12BWP30P140 |                Tech |                       66
               CKND16BWP30P140 |                Tech |                      128
                CKND1BWP30P140 |                Tech |                      631
                CKND2BWP30P140 |                Tech |                       92
              CKND2D0BWP30P140 |                Tech |                       10
              CKND2D1BWP30P140 |                Tech |                     9241
              CKND2D2BWP30P140 |                Tech |                     1559
              CKND2D3BWP30P140 |                Tech |                      582
              CKND2D4BWP30P140 |                Tech |                      705
              CKND2D8BWP30P140 |                Tech |                      305
                CKND3BWP30P140 |                Tech |                      396
                CKND4BWP30P140 |                Tech |                      116
                CKND6BWP30P140 |                Tech |                       99
                CKND8BWP30P140 |                Tech |                      232
             DCCKBD12BWP30P140 |                Tech |                        1
             DCCKBD16BWP30P140 |                Tech |                        5
              DCCKBD4BWP30P140 |                Tech |                        2
              DCCKBD8BWP30P140 |                Tech |                        2
             DEL025D1BWP30P140 |                Tech |                      141
               DFCND4BWP30P140 |                Tech |                        1
              DFCNQD1BWP30P140 |                Tech |                    20615
              DFCNQD2BWP30P140 |                Tech |                      178
              DFCNQD4BWP30P140 |                Tech |                      663
             DFCSNQD1BWP30P140 |                Tech |                        2
             DFCSNQD2BWP30P140 |                Tech |                        8
             DFCSNQD4BWP30P140 |                Tech |                        1
             EDFCNQD1BWP30P140 |                Tech |                    22912
             EDFCNQD2BWP30P140 |                Tech |                       52
             EDFCNQD4BWP30P140 |                Tech |                       13
                FA1D0BWP30P140 |                Tech |                      336
                FA1D1BWP30P140 |                Tech |                     1043
                FA1D2BWP30P140 |                Tech |                       16
                FA1D4BWP30P140 |                Tech |                      124
            FA1OPTCD1BWP30P140 |                Tech |                       41
            FA1OPTCD2BWP30P140 |                Tech |                       79
                HA1D1BWP30P140 |                Tech |                        2
              IAO21D0BWP30P140 |                Tech |                        2
              IAO21D1BWP30P140 |                Tech |                      511
              IAO21D2BWP30P140 |                Tech |                       81
              IAO21D4BWP30P140 |                Tech |                       18
              IAO22D2BWP30P140 |                Tech |                        2
              IAO22D4BWP30P140 |                Tech |                        4
               IND2D0BWP30P140 |                Tech |                       19
              IND2D16BWP30P140 |                Tech |                       13
               IND2D1BWP30P140 |                Tech |                     1568
               IND2D2BWP30P140 |                Tech |                     1328
               IND2D4BWP30P140 |                Tech |                      379
               IND2D6BWP30P140 |                Tech |                       43
               IND2D8BWP30P140 |                Tech |                       34
               IND3D0BWP30P140 |                Tech |                        1
               IND3D1BWP30P140 |                Tech |                      228
               IND3D2BWP30P140 |                Tech |                       42
               IND3D4BWP30P140 |                Tech |                       40
               IND3D6BWP30P140 |                Tech |                        1
               IND4D1BWP30P140 |                Tech |                      155
               IND4D2BWP30P140 |                Tech |                       34
               IND4D4BWP30P140 |                Tech |                       37
               INR2D0BWP30P140 |                Tech |                      177
              INR2D16BWP30P140 |                Tech |                       45
               INR2D1BWP30P140 |                Tech |                     7890
               INR2D2BWP30P140 |                Tech |                      546
               INR2D4BWP30P140 |                Tech |                      277
               INR2D6BWP30P140 |                Tech |                       72
               INR2D8BWP30P140 |                Tech |                       48
               INR3D0BWP30P140 |                Tech |                      150
               INR3D1BWP30P140 |                Tech |                       19
               INR3D2BWP30P140 |                Tech |                        5
               INR3D4BWP30P140 |                Tech |                        2
               INR3D6BWP30P140 |                Tech |                       10
               INR3D8BWP30P140 |                Tech |                        5
               INR4D0BWP30P140 |                Tech |                       62
               INR4D1BWP30P140 |                Tech |                       17
               INR4D2BWP30P140 |                Tech |                       15
               INR4D4BWP30P140 |                Tech |                        2
              INVD0P7BWP30P140 |                Tech |                      842
               INVD12BWP30P140 |                Tech |                      308
               INVD15BWP30P140 |                Tech |                       22
               INVD16BWP30P140 |                Tech |                       39
               INVD18BWP30P140 |                Tech |                       66
                INVD1BWP30P140 |                Tech |                     7307
              INVD1P5BWP30P140 |                Tech |                      179
                INVD2BWP30P140 |                Tech |                     1676
                INVD3BWP30P140 |                Tech |                      364
                INVD4BWP30P140 |                Tech |                      898
                INVD6BWP30P140 |                Tech |                      657
                INVD8BWP30P140 |                Tech |                      167
                INVD9BWP30P140 |                Tech |                       71
              IOA21D0BWP30P140 |                Tech |                        1
              IOA21D1BWP30P140 |                Tech |                      159
              IOA21D2BWP30P140 |                Tech |                       61
              IOA21D4BWP30P140 |                Tech |                       11
              IOA22D1BWP30P140 |                Tech |                        2
              IOA22D2BWP30P140 |                Tech |                       16
              IOA22D4BWP30P140 |                Tech |                       22
            MAOI222D0BWP30P140 |                Tech |                        1
            MAOI222D1BWP30P140 |                Tech |                       75
            MAOI222D2BWP30P140 |                Tech |                       61
            MAOI222D4BWP30P140 |                Tech |                       63
             MAOI22D0BWP30P140 |                Tech |                       13
             MAOI22D1BWP30P140 |                Tech |                     6867
             MAOI22D2BWP30P140 |                Tech |                      207
             MAOI22D4BWP30P140 |                Tech |                      514
             MOAI22D0BWP30P140 |                Tech |                       30
             MOAI22D1BWP30P140 |                Tech |                     5069
             MOAI22D2BWP30P140 |                Tech |                      180
             MOAI22D4BWP30P140 |                Tech |                       37
               MUX2D1BWP30P140 |                Tech |                        2
               MUX2D2BWP30P140 |                Tech |                        1
              MUX2ND0BWP30P140 |                Tech |                       11
              MUX2ND2BWP30P140 |                Tech |                        4
              MUX2ND4BWP30P140 |                Tech |                        2
           MUX2NOPTD2BWP30P140 |                Tech |                       66
           MUX2NOPTD4BWP30P140 |                Tech |                      134
           MUX2NOPTD6BWP30P140 |                Tech |                       49
           MUX2NOPTD8BWP30P140 |                Tech |                       26
             MUX2NUD1BWP30P140 |                Tech |                      436
           MUX2OPTD12BWP30P140 |                Tech |                        3
            MUX2OPTD2BWP30P140 |                Tech |                        1
            MUX2OPTD4BWP30P140 |                Tech |                       12
            MUX2OPTD6BWP30P140 |                Tech |                       18
              ND2D0P7BWP30P140 |                Tech |                       13
               ND2D16BWP30P140 |                Tech |                        9
                ND2D1BWP30P140 |                Tech |                     9418
              ND2D1P5BWP30P140 |                Tech |                       49
                ND2D2BWP30P140 |                Tech |                      832
                ND2D3BWP30P140 |                Tech |                      181
                ND2D4BWP30P140 |                Tech |                      120
                ND2D6BWP30P140 |                Tech |                      102
                ND2D8BWP30P140 |                Tech |                       59
            ND2OPTD12BWP30P140 |                Tech |                       17
             ND2OPTD6BWP30P140 |                Tech |                        1
          ND2OPTIBD12BWP30P140 |                Tech |                       16
          ND2OPTIBD16BWP30P140 |                Tech |                       12
           ND2OPTIBD1BWP30P140 |                Tech |                     1385
           ND2OPTIBD2BWP30P140 |                Tech |                      615
           ND2OPTIBD4BWP30P140 |                Tech |                      188
           ND2OPTIBD6BWP30P140 |                Tech |                      105
           ND2OPTIBD8BWP30P140 |                Tech |                       34
          ND2OPTPAD12BWP30P140 |                Tech |                       20
          ND2OPTPAD16BWP30P140 |                Tech |                        5
           ND2OPTPAD1BWP30P140 |                Tech |                       17
           ND2OPTPAD2BWP30P140 |                Tech |                      136
           ND2OPTPAD4BWP30P140 |                Tech |                      189
           ND2OPTPAD6BWP30P140 |                Tech |                       88
           ND2OPTPAD8BWP30P140 |                Tech |                       44
                ND3D0BWP30P140 |                Tech |                        3
              ND3D0P7BWP30P140 |                Tech |                        2
                ND3D1BWP30P140 |                Tech |                      417
              ND3D1P5BWP30P140 |                Tech |                        5
                ND3D2BWP30P140 |                Tech |                       20
                ND3D3BWP30P140 |                Tech |                        3
                ND3D4BWP30P140 |                Tech |                        6
          ND3OPTPAD12BWP30P140 |                Tech |                        2
          ND3OPTPAD16BWP30P140 |                Tech |                        1
           ND3OPTPAD1BWP30P140 |                Tech |                        6
           ND3OPTPAD2BWP30P140 |                Tech |                       26
           ND3OPTPAD4BWP30P140 |                Tech |                       27
           ND3OPTPAD6BWP30P140 |                Tech |                        9
           ND3OPTPAD8BWP30P140 |                Tech |                        3
                ND4D0BWP30P140 |                Tech |                        1
                ND4D1BWP30P140 |                Tech |                     1336
                ND4D2BWP30P140 |                Tech |                      311
                ND4D3BWP30P140 |                Tech |                      320
                ND4D4BWP30P140 |                Tech |                      216
                ND4D8BWP30P140 |                Tech |                       43
                NR2D0BWP30P140 |                Tech |                        2
              NR2D0P7BWP30P140 |                Tech |                      292
               NR2D16BWP30P140 |                Tech |                       10
                NR2D1BWP30P140 |                Tech |                     1846
              NR2D1P5BWP30P140 |                Tech |                       34
                NR2D2BWP30P140 |                Tech |                     1010
                NR2D3BWP30P140 |                Tech |                      944
                NR2D4BWP30P140 |                Tech |                      276
                NR2D6BWP30P140 |                Tech |                      111
                NR2D8BWP30P140 |                Tech |                       35
            NR2OPTD12BWP30P140 |                Tech |                       28
             NR2OPTD6BWP30P140 |                Tech |                       11
          NR2OPTIBD12BWP30P140 |                Tech |                       48
          NR2OPTIBD16BWP30P140 |                Tech |                       15
           NR2OPTIBD1BWP30P140 |                Tech |                     1544
           NR2OPTIBD2BWP30P140 |                Tech |                      743
           NR2OPTIBD4BWP30P140 |                Tech |                      541
           NR2OPTIBD6BWP30P140 |                Tech |                      245
           NR2OPTIBD8BWP30P140 |                Tech |                      170
          NR2OPTPAD12BWP30P140 |                Tech |                      215
          NR2OPTPAD16BWP30P140 |                Tech |                       75
           NR2OPTPAD1BWP30P140 |                Tech |                      531
           NR2OPTPAD2BWP30P140 |                Tech |                      778
           NR2OPTPAD4BWP30P140 |                Tech |                      378
           NR2OPTPAD6BWP30P140 |                Tech |                       82
           NR2OPTPAD8BWP30P140 |                Tech |                      388
                NR3D0BWP30P140 |                Tech |                      151
              NR3D0P7BWP30P140 |                Tech |                       59
                NR3D1BWP30P140 |                Tech |                       61
              NR3D1P5BWP30P140 |                Tech |                       25
                NR3D2BWP30P140 |                Tech |                       22
                NR3D3BWP30P140 |                Tech |                        2
                NR3D4BWP30P140 |                Tech |                        5
                NR3D6BWP30P140 |                Tech |                        1
                NR3D8BWP30P140 |                Tech |                        2
           NR3OPTPAD1BWP30P140 |                Tech |                        1
           NR3OPTPAD2BWP30P140 |                Tech |                       10
           NR3OPTPAD4BWP30P140 |                Tech |                        6
           NR3OPTPAD6BWP30P140 |                Tech |                        2
                NR4D0BWP30P140 |                Tech |                     1113
                NR4D1BWP30P140 |                Tech |                      335
                NR4D2BWP30P140 |                Tech |                       99
                NR4D3BWP30P140 |                Tech |                       13
                NR4D4BWP30P140 |                Tech |                        6
              OA211D1BWP30P140 |                Tech |                       43
               OA21D0BWP30P140 |                Tech |                        4
               OA21D1BWP30P140 |                Tech |                      456
               OA21D2BWP30P140 |                Tech |                       58
               OA21D4BWP30P140 |                Tech |                      122
               OA22D1BWP30P140 |                Tech |                        6
               OA22D2BWP30P140 |                Tech |                        4
               OA22D4BWP30P140 |                Tech |                        8
             OAI211D1BWP30P140 |                Tech |                      220
             OAI211D2BWP30P140 |                Tech |                        7
      OAI211OPTREPBD1BWP30P140 |                Tech |                       25
      OAI211OPTREPBD2BWP30P140 |                Tech |                       17
      OAI211OPTREPBD4BWP30P140 |                Tech |                        7
            OAI21D0P7BWP30P140 |                Tech |                      114
             OAI21D16BWP30P140 |                Tech |                        4
              OAI21D1BWP30P140 |                Tech |                      684
            OAI21D1P5BWP30P140 |                Tech |                        7
              OAI21D2BWP30P140 |                Tech |                      199
              OAI21D4BWP30P140 |                Tech |                       43
              OAI21D6BWP30P140 |                Tech |                       34
              OAI21D8BWP30P140 |                Tech |                       27
      OAI21OPTREPBD12BWP30P140 |                Tech |                        4
      OAI21OPTREPBD16BWP30P140 |                Tech |                        2
       OAI21OPTREPBD1BWP30P140 |                Tech |                       42
       OAI21OPTREPBD2BWP30P140 |                Tech |                      185
       OAI21OPTREPBD4BWP30P140 |                Tech |                       60
       OAI21OPTREPBD6BWP30P140 |                Tech |                       28
       OAI21OPTREPBD8BWP30P140 |                Tech |                       10
             OAI221D1BWP30P140 |                Tech |                       89
             OAI221D2BWP30P140 |                Tech |                        8
             OAI221D4BWP30P140 |                Tech |                        1
             OAI222D1BWP30P140 |                Tech |                       68
             OAI222D2BWP30P140 |                Tech |                       10
             OAI222D4BWP30P140 |                Tech |                       22
            OAI22D0P7BWP30P140 |                Tech |                     1228
              OAI22D1BWP30P140 |                Tech |                     1500
            OAI22D1P5BWP30P140 |                Tech |                       42
              OAI22D2BWP30P140 |                Tech |                      378
              OAI22D4BWP30P140 |                Tech |                       73
              OAI22D6BWP30P140 |                Tech |                       20
         OAI22OPTPBD1BWP30P140 |                Tech |                       79
         OAI22OPTPBD2BWP30P140 |                Tech |                      113
         OAI22OPTPBD4BWP30P140 |                Tech |                       30
         OAI22OPTPBD6BWP30P140 |                Tech |                        4
              OAI31D1BWP30P140 |                Tech |                      160
              OAI31D2BWP30P140 |                Tech |                      103
              OAI31D4BWP30P140 |                Tech |                        8
              OAI32D1BWP30P140 |                Tech |                      103
              OAI32D2BWP30P140 |                Tech |                        4
              OAI32D4BWP30P140 |                Tech |                        1
                OR2D0BWP30P140 |                Tech |                        9
               OR2D16BWP30P140 |                Tech |                        3
                OR2D1BWP30P140 |                Tech |                      862
                OR2D2BWP30P140 |                Tech |                      383
                OR2D4BWP30P140 |                Tech |                       46
                OR2D6BWP30P140 |                Tech |                       41
                OR2D8BWP30P140 |                Tech |                        3
                OR3D0BWP30P140 |                Tech |                        1
               OR3D16BWP30P140 |                Tech |                        1
                OR3D1BWP30P140 |                Tech |                       47
                OR3D2BWP30P140 |                Tech |                        7
                OR3D4BWP30P140 |                Tech |                        5
                OR4D1BWP30P140 |                Tech |                      299
                OR4D2BWP30P140 |                Tech |                       19
                OR4D4BWP30P140 |                Tech |                       10
                OR4D8BWP30P140 |                Tech |                        5
              TAPCELLBWP30P140 |                Tech |                    23329
      TSDN28HPCPUHDB64X64M4MWA |                Tech |                       24
               XNR2D1BWP30P140 |                Tech |                       33
               XNR2D2BWP30P140 |                Tech |                       84
               XNR2D4BWP30P140 |                Tech |                        3
           XNR2OPTND2BWP30P140 |                Tech |                      184
           XNR2OPTND4BWP30P140 |                Tech |                      139
           XNR2OPTND6BWP30P140 |                Tech |                       42
           XNR2OPTND8BWP30P140 |                Tech |                       15
              XNR2UD0BWP30P140 |                Tech |                        9
              XNR2UD1BWP30P140 |                Tech |                     1656
               XNR3D1BWP30P140 |                Tech |                        1
               XNR3D2BWP30P140 |                Tech |                       11
               XNR3D4BWP30P140 |                Tech |                        9
              XNR3UD1BWP30P140 |                Tech |                       11
               XOR2D1BWP30P140 |                Tech |                       51
               XOR2D2BWP30P140 |                Tech |                       46
               XOR2D4BWP30P140 |                Tech |                        1
           XOR2OPTND2BWP30P140 |                Tech |                      127
           XOR2OPTND4BWP30P140 |                Tech |                      155
           XOR2OPTND6BWP30P140 |                Tech |                       24
           XOR2OPTND8BWP30P140 |                Tech |                        9
              XOR2UD0BWP30P140 |                Tech |                        9
              XOR2UD1BWP30P140 |                Tech |                     2103
               XOR3D1BWP30P140 |                Tech |                        8
               XOR3D2BWP30P140 |                Tech |                       27
               XOR3D4BWP30P140 |                Tech |                       33
              XOR3UD1BWP30P140 |                Tech |                       10
